Enter password: *********
Welcome to the MySQL monitor.  Commands end with ; or \g.
Your MySQL connection id is 8
Server version: 8.0.41 MySQL Community Server - GPL

Copyright (c) 2000, 2025, Oracle and/or its affiliates.

Oracle is a registered trademark of Oracle Corporation and/or its
affiliates. Other names may be trademarks of their respective
owners.

Type 'help;' or '\h' for help. Type '\c' to clear the current input statement.

mysql> use april2025batch;
Database changed
mysql> desc employee;
+--------------+--------------+------+-----+----------+-------+
| Field        | Type         | Null | Key | Default  | Extra |
+--------------+--------------+------+-----+----------+-------+
| e_id         | int          | NO   | PRI | NULL     |       |
| e_name       | varchar(50)  | YES  |     | NULL     |       |
| nickname     | varchar(10)  | YES  | UNI | NULL     |       |
| age          | int          | YES  |     | NULL     |       |
| salary       | decimal(7,2) | YES  |     | 10000.00 |       |
| email_id     | varchar(20)  | NO   |     | NULL     |       |
| joining_date | date         | YES  |     | NULL     |       |
+--------------+--------------+------+-----+----------+-------+
7 rows in set (0.13 sec)

mysql> create table department(
    -> dept_id int primary key,
    -> dept_name varchar(20) not null,
    -> dept_loc varchar(25));
Query OK, 0 rows affected (0.13 sec)

mysql> desc department;
+-----------+-------------+------+-----+---------+-------+
| Field     | Type        | Null | Key | Default | Extra |
+-----------+-------------+------+-----+---------+-------+
| dept_id   | int         | NO   | PRI | NULL    |       |
| dept_name | varchar(20) | NO   |     | NULL    |       |
| dept_loc  | varchar(25) | YES  |     | NULL    |       |
+-----------+-------------+------+-----+---------+-------+
3 rows in set (0.00 sec)

mysql> alter table employee
    -> drop constraint check;
ERROR 1064 (42000): You have an error in your SQL syntax; check the manual that corresponds to your MySQL server version for the right syntax to use near 'check' at line 2
mysql> alter table employee
    -> drop constraint check age;
ERROR 1064 (42000): You have an error in your SQL syntax; check the manual that corresponds to your MySQL server version for the right syntax to use near 'check age' at line 2
mysql> show create table employee;
+----------+----------------------------------------------------------------------------------------------------------------------------------------------------------------------------------------------------------------------------------------------------------------------------------------------------------------------------------------------------------------------------------------------------------------------------------------------------------------+
| Table    | Create Table                                                                                                                                                                                                                                                                                                                                                                                                                                                   |
+----------+----------------------------------------------------------------------------------------------------------------------------------------------------------------------------------------------------------------------------------------------------------------------------------------------------------------------------------------------------------------------------------------------------------------------------------------------------------------+
| employee | CREATE TABLE `employee` (
  `e_id` int NOT NULL,
  `e_name` varchar(50) DEFAULT NULL,
  `nickname` varchar(10) DEFAULT NULL,
  `age` int DEFAULT NULL,
  `salary` decimal(7,2) DEFAULT '10000.00',
  `email_id` varchar(20) NOT NULL,
  `joining_date` date DEFAULT NULL,
  PRIMARY KEY (`e_id`),
  UNIQUE KEY `nickname` (`nickname`),
  CONSTRAINT `employee_chk_1` CHECK ((`age` >= 18))
) ENGINE=InnoDB DEFAULT CHARSET=utf8mb4 COLLATE=utf8mb4_0900_ai_ci |
+----------+----------------------------------------------------------------------------------------------------------------------------------------------------------------------------------------------------------------------------------------------------------------------------------------------------------------------------------------------------------------------------------------------------------------------------------------------------------------+
1 row in set (0.01 sec)

mysql> alter table employee
    -> drop constraint employee_chk_1;
Query OK, 0 rows affected (0.07 sec)
Records: 0  Duplicates: 0  Warnings: 0

mysql> show create table employee;
+----------+-----------------------------------------------------------------------------------------------------------------------------------------------------------------------------------------------------------------------------------------------------------------------------------------------------------------------------------------------------------------------------------------------------------+
| Table    | Create Table                                                                                                                                                                                                                                                                                                                                                                                              |
+----------+-----------------------------------------------------------------------------------------------------------------------------------------------------------------------------------------------------------------------------------------------------------------------------------------------------------------------------------------------------------------------------------------------------------+
| employee | CREATE TABLE `employee` (
  `e_id` int NOT NULL,
  `e_name` varchar(50) DEFAULT NULL,
  `nickname` varchar(10) DEFAULT NULL,
  `age` int DEFAULT NULL,
  `salary` decimal(7,2) DEFAULT '10000.00',
  `email_id` varchar(20) NOT NULL,
  `joining_date` date DEFAULT NULL,
  PRIMARY KEY (`e_id`),
  UNIQUE KEY `nickname` (`nickname`)
) ENGINE=InnoDB DEFAULT CHARSET=utf8mb4 COLLATE=utf8mb4_0900_ai_ci |
+----------+-----------------------------------------------------------------------------------------------------------------------------------------------------------------------------------------------------------------------------------------------------------------------------------------------------------------------------------------------------------------------------------------------------------+
1 row in set (0.00 sec)

mysql> alter table employee
    -> drop primary key;
Query OK, 0 rows affected (0.20 sec)
Records: 0  Duplicates: 0  Warnings: 0

mysql> alter table employee
    -> modify column salary decimal(7,2);
Query OK, 0 rows affected (0.03 sec)
Records: 0  Duplicates: 0  Warnings: 0

mysql> desc employee;
+--------------+--------------+------+-----+---------+-------+
| Field        | Type         | Null | Key | Default | Extra |
+--------------+--------------+------+-----+---------+-------+
| e_id         | int          | NO   |     | NULL    |       |
| e_name       | varchar(50)  | YES  |     | NULL    |       |
| nickname     | varchar(10)  | YES  | UNI | NULL    |       |
| age          | int          | YES  |     | NULL    |       |
| salary       | decimal(7,2) | YES  |     | NULL    |       |
| email_id     | varchar(20)  | NO   |     | NULL    |       |
| joining_date | date         | YES  |     | NULL    |       |
+--------------+--------------+------+-----+---------+-------+
7 rows in set (0.00 sec)

mysql> alter table employee
    -> add column dept_id int;
Query OK, 0 rows affected (0.39 sec)
Records: 0  Duplicates: 0  Warnings: 0

mysql> desc employee;
+--------------+--------------+------+-----+---------+-------+
| Field        | Type         | Null | Key | Default | Extra |
+--------------+--------------+------+-----+---------+-------+
| e_id         | int          | NO   |     | NULL    |       |
| e_name       | varchar(50)  | YES  |     | NULL    |       |
| nickname     | varchar(10)  | YES  | UNI | NULL    |       |
| age          | int          | YES  |     | NULL    |       |
| salary       | decimal(7,2) | YES  |     | NULL    |       |
| email_id     | varchar(20)  | NO   |     | NULL    |       |
| joining_date | date         | YES  |     | NULL    |       |
| dept_id      | int          | YES  |     | NULL    |       |
+--------------+--------------+------+-----+---------+-------+
8 rows in set (0.00 sec)

mysql> alter table employee
    -> add foreign key(dept_id)
    -> references department(dept_id);
Query OK, 0 rows affected (0.12 sec)
Records: 0  Duplicates: 0  Warnings: 0

mysql> desc employee;
+--------------+--------------+------+-----+---------+-------+
| Field        | Type         | Null | Key | Default | Extra |
+--------------+--------------+------+-----+---------+-------+
| e_id         | int          | NO   |     | NULL    |       |
| e_name       | varchar(50)  | YES  |     | NULL    |       |
| nickname     | varchar(10)  | YES  | UNI | NULL    |       |
| age          | int          | YES  |     | NULL    |       |
| salary       | decimal(7,2) | YES  |     | NULL    |       |
| email_id     | varchar(20)  | NO   |     | NULL    |       |
| joining_date | date         | YES  |     | NULL    |       |
| dept_id      | int          | YES  | MUL | NULL    |       |
+--------------+--------------+------+-----+---------+-------+
8 rows in set (0.00 sec)

mysql> show create table employee;
+----------+------------------------------------------------------------------------------------------------------------------------------------------------------------------------------------------------------------------------------------------------------------------------------------------------------------------------------------------------------------------------------------------------------------------------------------------------------------------------------------------------------------------------------------+
| Table    | Create Table                                                                                                                                                                                                                                                                                                                                                                                                                                                                                                                       |
+----------+------------------------------------------------------------------------------------------------------------------------------------------------------------------------------------------------------------------------------------------------------------------------------------------------------------------------------------------------------------------------------------------------------------------------------------------------------------------------------------------------------------------------------------+
| employee | CREATE TABLE `employee` (
  `e_id` int NOT NULL,
  `e_name` varchar(50) DEFAULT NULL,
  `nickname` varchar(10) DEFAULT NULL,
  `age` int DEFAULT NULL,
  `salary` decimal(7,2) DEFAULT NULL,
  `email_id` varchar(20) NOT NULL,
  `joining_date` date DEFAULT NULL,
  `dept_id` int DEFAULT NULL,
  UNIQUE KEY `nickname` (`nickname`),
  KEY `dept_id` (`dept_id`),
  CONSTRAINT `employee_ibfk_1` FOREIGN KEY (`dept_id`) REFERENCES `department` (`dept_id`)
) ENGINE=InnoDB DEFAULT CHARSET=utf8mb4 COLLATE=utf8mb4_0900_ai_ci |
+----------+------------------------------------------------------------------------------------------------------------------------------------------------------------------------------------------------------------------------------------------------------------------------------------------------------------------------------------------------------------------------------------------------------------------------------------------------------------------------------------------------------------------------------------+
1 row in set (0.00 sec)

mysql> alter table employee
    -> drop column nickname;
Query OK, 0 rows affected (0.10 sec)
Records: 0  Duplicates: 0  Warnings: 0

mysql> desc employee;
+--------------+--------------+------+-----+---------+-------+
| Field        | Type         | Null | Key | Default | Extra |
+--------------+--------------+------+-----+---------+-------+
| e_id         | int          | NO   |     | NULL    |       |
| e_name       | varchar(50)  | YES  |     | NULL    |       |
| age          | int          | YES  |     | NULL    |       |
| salary       | decimal(7,2) | YES  |     | NULL    |       |
| email_id     | varchar(20)  | NO   |     | NULL    |       |
| joining_date | date         | YES  |     | NULL    |       |
| dept_id      | int          | YES  | MUL | NULL    |       |
+--------------+--------------+------+-----+---------+-------+
7 rows in set (0.00 sec)

mysql> drop table employee;
Query OK, 0 rows affected (0.04 sec)

mysql> desc employee;
ERROR 1146 (42S02): Table 'april2025batch.employee' doesn't exist
mysql> drop database april2025batch;
Query OK, 1 row affected (0.06 sec)

mysql> desc employee;
ERROR 1046 (3D000): No database selected
mysql>